Last login: Fri Sep 26 14:14:20 on ttys002
pkaewmanee@Phakkhapons-MacBook-Pro ~ % cd ~/Desktop/Project_Hiroshima/ncs-ecom
pkaewmanee@Phakkhapons-MacBook-Pro ncs-ecom % git status
git log --oneline -5

On branch main
Your branch is up to date with 'origin/main'.

nothing to commit, working tree clean
4f45921 (HEAD -> main, origin/main, origin/HEAD) Merge pull request #21 from NCS-Networks-Communication-Solution/feature/cicd-pipeline-setup
f200dbf (origin/feature/cicd-pipeline-setup) ci: gate backend Node setup on lockfile; placeholder pass when absent
415cd24 ci: tolerant backend install; allow pass without lockfile
9790c2b chore(backend): add placeholder package.json for CI
b9681e7 ci: guard backend job when package.json is absent; tolerant API checks
pkaewmanee@Phakkhapons-MacBook-Pro ncs-ecom % docker-compose up -d
[+] Running 2/2
 ✔ postgres Pulled                                                         6.3s 
 ✔ redis Pulled                                                            6.2s 
[+] Building 0.4s (2/2) FINISHED                                                
 => [internal] load local bake definitions                                 0.0s
 => => reading from stdin 602B                                             0.0s
 => [internal] load build definition from Dockerfile                       0.0s
 => => transferring dockerfile: 2B                                         0.0s
failed to solve: failed to read dockerfile: open Dockerfile: no such file or directory

pkaewmanee@Phakkhapons-MacBook-Pro ncs-ecom % docker-compose ps
docker exec -it ncs-ecom-postgres-1 psql -U ncsadmin -d ncsdb -c "SELECT 1;"
docker exec -it ncs-ecom-redis-1 redis-cli ping
NAME      IMAGE     COMMAND   SERVICE   CREATED   STATUS    PORTS
Error response from daemon: No such container: ncs-ecom-postgres-1
Error response from daemon: No such container: ncs-ecom-redis-1
pkaewmanee@Phakkhapons-MacBook-Pro ncs-ecom % cat > .env << 'EOF'
NODE_ENV=development
DB_PASSWORD=ncs2025secure
DATABASE_URL=postgresql://ncsadmin:ncs2025secure@localhost:5432/ncsdb
REDIS_URL=redis://localhost:6379
JWT_SECRET=ncs-jwt-secret-dev-2025
EOF

pkaewmanee@Phakkhapons-MacBook-Pro ncs-ecom % docker compose up postgres redis -d
[+] Running 5/5
 ✔ Network ncs-ecom_default       Created                                  0.0s 
 ✔ Volume "ncs-ecom_redisdata"    Created                                  0.0s 
 ✔ Volume "ncs-ecom_pgdata"       Created                                  0.0s 
 ✔ Container ncs-ecom-redis-1     Started                                  0.4s 
 ✔ Container ncs-ecom-postgres-1  Start...                                 0.5s 
pkaewmanee@Phakkhapons-MacBook-Pro ncs-ecom % docker compose ps

NAME                  IMAGE                COMMAND                  SERVICE    CREATED          STATUS                    PORTS
ncs-ecom-postgres-1   postgres:15-alpine   "docker-entrypoint.s…"   postgres   18 seconds ago   Up 18 seconds (healthy)   0.0.0.0:5432->5432/tcp, [::]:5432->5432/tcp
ncs-ecom-redis-1      redis:7-alpine       "docker-entrypoint.s…"   redis      18 seconds ago   Up 18 seconds (healthy)   0.0.0.0:6379->6379/tcp, [::]:6379->6379/tcp
pkaewmanee@Phakkhapons-MacBook-Pro ncs-ecom % docker exec -it ncs-ecom-postgres-1 psql -U ncsadmin -d ncsdb -c "SELECT 1;"
docker exec -it ncs-ecom-redis-1 redis-cli ping
 ?column? 
----------
        1
(1 row)

PONG
pkaewmanee@Phakkhapons-MacBook-Pro ncs-ecom % 
