Last login: Mon Sep 29 17:31:45 on ttys002
pkaewmanee@Phakkhapons-MacBook-Pro backend % cd ..
pkaewmanee@Phakkhapons-MacBook-Pro ncs-ecom % git checkout main
error: Your local changes to the following files would be overwritten by checkout:
	backend/package.json
	backend/prisma/seed.ts
Please commit your changes or stash them before you switch branches.
Aborting
pkaewmanee@Phakkhapons-MacBook-Pro ncs-ecom % git branch --show-current
feature/product-catalog-api
pkaewmanee@Phakkhapons-MacBook-Pro ncs-ecom % git checkout -b feature/db-seed-comprehensive-data
Switched to a new branch 'feature/db-seed-comprehensive-data'
pkaewmanee@Phakkhapons-MacBook-Pro ncs-ecom % git branch --show-current
feature/db-seed-comprehensive-data
pkaewmanee@Phakkhapons-MacBook-Pro ncs-ecom % git add prisma/seed.ts
fatal: pathspec 'prisma/seed.ts' did not match any files
pkaewmanee@Phakkhapons-MacBook-Pro ncs-ecom % cd backend 
pkaewmanee@Phakkhapons-MacBook-Pro backend % git add prisma/seed.ts
pkaewmanee@Phakkhapons-MacBook-Pro backend % git add package.json
pkaewmanee@Phakkhapons-MacBook-Pro backend % git add prisma/seed.backup.ts
pkaewmanee@Phakkhapons-MacBook-Pro backend % >....                              
- Add progressive logging for seed execution monitoring
- Include proper foreign key relationships and data cleanup

Database Changes:
- Uses existing schema with snake_case field naming
- Maintains compatibility with PostgreSQL constraints
- Includes updated_at timestamps where required
- Supports multi-tenant company structure

Test Credentials:
- admin@ncs.co.th / admin123 (System Admin)
- sales@ncs.co.th / user123 (Sales User)
- buyer@test.com / user123 (Test Buyer)

Execution Results:
✅ Companies: 2
✅ Users: 3
✅ Categories: 3
✅ Products: 7

Migration-Name: Seed data only, no schema changes
REQ-INV-001, REQ-ORD-001, REQ-RFQ-001
Related to #10, #5, #2"
[feature/db-seed-comprehensive-data 2614464] db(prisma): implement comprehensive database seeding for NCS e-commerce platform
 3 files changed, 279 insertions(+), 50 deletions(-)
 create mode 100644 backend/prisma/seed.backup.ts
pkaewmanee@Phakkhapons-MacBook-Pro backend % git log --oneline -1
2614464 (HEAD -> feature/db-seed-comprehensive-data) db(prisma): implement comprehensive database seeding for NCS e-commerce platform
pkaewmanee@Phakkhapons-MacBook-Pro backend % git push -u origin feature/db-seed-comprehensive-data
Enumerating objects: 11, done.
Counting objects: 100% (11/11), done.
Delta compression using up to 16 threads
Compressing objects: 100% (6/6), done.
Writing objects: 100% (6/6), 3.13 KiB | 3.13 MiB/s, done.
Total 6 (delta 3), reused 0 (delta 0), pack-reused 0
remote: Resolving deltas: 100% (3/3), completed with 3 local objects.
remote: 
remote: Create a pull request for 'feature/db-seed-comprehensive-data' on GitHub by visiting:
remote:      https://github.com/NCS-Networks-Communication-Solution/ncs-ecom/pull/new/feature/db-seed-comprehensive-data
remote: 
remote: GitHub found 1 vulnerability on NCS-Networks-Communication-Solution/ncs-ecom's default branch (1 low). To find out more, visit:
remote:      https://github.com/NCS-Networks-Communication-Solution/ncs-ecom/security/dependabot/1
remote: 
To https://github.com/NCS-Networks-Communication-Solution/ncs-ecom
 * [new branch]      feature/db-seed-comprehensive-data -> feature/db-seed-comprehensive-data
branch 'feature/db-seed-comprehensive-data' set up to track 'origin/feature/db-seed-comprehensive-data'.
pkaewmanee@Phakkhapons-MacBook-Pro backend % git status
On branch feature/db-seed-comprehensive-data
Your branch is up to date with 'origin/feature/db-seed-comprehensive-data'.

Changes not staged for commit:
  (use "git add <file>..." to update what will be committed)
  (use "git restore <file>..." to discard changes in working directory)
	modified:   package-lock.json

no changes added to commit (use "git add" and/or "git commit -a")
pkaewmanee@Phakkhapons-MacBook-Pro backend % >....                              
# Result: Script executed successfully
\`\`\`

## Commit Message Format
Following NCS conventional commit format:
\`\`\`
db(prisma): implement comprehensive database seeding for NCS e-commerce platform 
\`\`\`

**Confidence Level**: High confidence - thoroughly tested with terminal verification
**Risk Assessment**: Low risk - uses existing schema, no breaking changes
**Timeline Impact**: This PR accelerates development by providing complete test data foundation

**Additional Notes**:
Database seeding is now production-ready with realistic NCS networking products, proper Thai localization, and complete user role separation. All existing GitHub issues related to inventory, orders, and RFQ workflows now have the necessary foundational data for development." --label "backend,implementation,database" --assignee "@me"

Warning: 1 uncommitted change

Creating pull request for feature/db-seed-comprehensive-data into main in NCS-Networks-Communication-Solution/ncs-ecom

could not add label: 'database' not found
pkaewmanee@Phakkhapons-MacBook-Pro backend % gh pr edit --add-label "enhancement"
no pull requests found for branch "feature/db-seed-comprehensive-data"
pkaewmanee@Phakkhapons-MacBook-Pro backend % gh pr comment --body "This PR provides the database foundation needed for:
- Issue #10 (REQ-INV-001): Real-time inventory management
- Issue #5 (REQ-ORD-001): Order creation from approved quotes
- Issue #2 (REQ-RFQ-001): Customer RFQ submission

All test data is now available for development of these features. The seeding includes:
✅ 2 Companies with different tiers (ADMIN/STANDARD)
✅ 3 Users with proper role separation (ADMIN/USER/PURCHASER)
✅ 3 Product categories with Thai/English localization
✅ 7 Enterprise networking products with realistic B2B pricing

Ready for code review and merge to enable dependent feature development."
no pull requests found for branch "feature/db-seed-comprehensive-data"
pkaewmanee@Phakkhapons-MacBook-Pro backend % gh pr edit --add-label "backend,implementation,enhancement"
no pull requests found for branch "feature/db-seed-comprehensive-data"
pkaewmanee@Phakkhapons-MacBook-Pro backend % git add package-lock.json
git commit -m "chore(deps): update package-lock.json after seed dependencies"
git push
[feature/db-seed-comprehensive-data db9a37e] chore(deps): update package-lock.json after seed dependencies
 1 file changed, 1 insertion(+), 1 deletion(-)
Enumerating objects: 7, done.
Counting objects: 100% (7/7), done.
Delta compression using up to 16 threads
Compressing objects: 100% (4/4), done.
Writing objects: 100% (4/4), 427 bytes | 427.00 KiB/s, done.
Total 4 (delta 3), reused 0 (delta 0), pack-reused 0
remote: Resolving deltas: 100% (3/3), completed with 3 local objects.
remote: 
remote: GitHub found 1 vulnerability on NCS-Networks-Communication-Solution/ncs-ecom's default branch (1 low). To find out more, visit:
remote:      https://github.com/NCS-Networks-Communication-Solution/ncs-ecom/security/dependabot/1
remote: 
To https://github.com/NCS-Networks-Communication-Solution/ncs-ecom
   2614464..db9a37e  feature/db-seed-comprehensive-data -> feature/db-seed-comprehensive-data
pkaewmanee@Phakkhapons-MacBook-Pro backend % gh pr list

no open pull requests in NCS-Networks-Communication-Solution/ncs-ecom
pkaewmanee@Phakkhapons-MacBook-Pro backend % gh pr view
no pull requests found for branch "feature/db-seed-comprehensive-data"
pkaewmanee@Phakkhapons-MacBook-Pro backend % gh pr edit --add-label "backend,implementation,enhancement"
no pull requests found for branch "feature/db-seed-comprehensive-data"
pkaewmanee@Phakkhapons-MacBook-Pro backend % gh pr comment --body "This PR provides the database foundation needed for:
- Issue #10 (REQ-INV-001): Real-time inventory management
- Issue #5 (REQ-ORD-001): Order creation from approved quotes
- Issue #2 (REQ-RFQ-001): Customer RFQ submission

All test data is now available for development of these features. The seeding includes:
✅ 2 Companies with different tiers (ADMIN/STANDARD)
✅ 3 Users with proper role separation (ADMIN/USER/PURCHASER)
✅ 3 Product categories with Thai/English localization
✅ 7 Enterprise networking products with realistic B2B pricing

Ready for code review and merge to enable dependent feature development."
no pull requests found for branch "feature/db-seed-comprehensive-data"
pkaewmanee@Phakkhapons-MacBook-Pro backend % 
