Last login: Mon Sep 29 15:56:03 on ttys000
pkaewmanee@Phakkhapons-MacBook-Pro ~ % cd ~/Desktop/Project_Hiroshima/ncs-ecom
git init
git checkout -b feature/product-catalog-api
Reinitialized existing Git repository in /Users/pkaewmanee/Desktop/Project_Hiroshima/ncs-ecom/.git/
fatal: a branch named 'feature/product-catalog-api' already exists
pkaewmanee@Phakkhapons-MacBook-Pro ncs-ecom % git add .
pkaewmanee@Phakkhapons-MacBook-Pro ncs-ecom % git commit -m "feat(catalog): implement Product Catalog API
- Module, controller, service generated via Nest CLI
- Prisma schema introspection and client generation
- CRUD endpoints for /products with category relations
- CI fixes, type corrections, and seeding updates
REQ-CAT-001"
On branch feature/product-catalog-api
Your branch is ahead of 'origin/feature/product-catalog-api' by 1 commit.
  (use "git push" to publish your local commits)

nothing to commit, working tree clean
pkaewmanee@Phakkhapons-MacBook-Pro ncs-ecom % git push origin feature/product-catalog-api
Enumerating objects: 21, done.
Counting objects: 100% (21/21), done.
Delta compression using up to 16 threads
Compressing objects: 100% (11/11), done.
Writing objects: 100% (11/11), 2.49 KiB | 2.49 MiB/s, done.
Total 11 (delta 8), reused 0 (delta 0), pack-reused 0
remote: Resolving deltas: 100% (8/8), completed with 8 local objects.
remote: 
remote: GitHub found 1 vulnerability on NCS-Networks-Communication-Solution/ncs-ecom's default branch (1 low). To find out more, visit:
remote:      https://github.com/NCS-Networks-Communication-Solution/ncs-ecom/security/dependabot/1
remote: 
To https://github.com/NCS-Networks-Communication-Solution/ncs-ecom
   5755386..bb2868a  feature/product-catalog-api -> feature/product-catalog-api
pkaewmanee@Phakkhapons-MacBook-Pro ncs-ecom % 
